Vec Object: 2 MPI processes
  type: mpi
Process [0]
3300.
3300.
3300.
3300.
3300.
3300.
3300.
3300.
3300.
3300.
3300.
3300.
3300.
3300.
3300.
3300.
3300.
3300.
3300.
3300.
3300.
3300.
3300.
3300.
3300.
3300.
3300.
3300.
3300.
3300.
3300.
3300.
3300.
3300.
3300.
3300.
3300.
3300.
3300.
3300.
3300.
3300.
3300.
3300.
3300.
3300.
3300.
3300.
3300.
3300.
3300.
3300.
3300.
3300.
3300.
3300.
3300.
3300.
3300.
3300.
3300.
3300.
3300.
3300.
3300.
3300.
Process [1]
3300.
3300.
3300.
3300.
3300.
3300.
3300.
3300.
3300.
3300.
3300.
3300.
3300.
3300.
3300.
3300.
3300.
3300.
3300.
3300.
3300.
3300.
3300.
3300.
3300.
3300.
3300.
3300.
3300.
3300.
3300.
3300.
3300.
3300.
3300.
3300.
3300.
3300.
3300.
3300.
3300.
3300.
3300.
3300.
3300.
3300.
3300.
3300.
3300.
3300.
3300.
3300.
3300.
3300.
3300.
