Vec Object: Vec_0x84000004_0 2 MPI processes
  type: mpi
Process [0]
700.
700.
700.
700.
700.
700.
700.
700.
700.
700.
700.
671.833
671.833
671.833
671.833
671.833
671.833
671.833
671.833
671.833
671.833
671.833
643.674
643.674
643.674
643.675
643.675
643.675
643.675
643.675
643.674
643.674
643.674
615.533
615.533
615.533
615.534
615.534
615.534
615.534
615.534
615.533
615.533
615.533
587.416
587.417
587.417
587.418
587.418
587.418
587.418
587.418
587.417
587.417
587.416
559.331
559.331
559.332
559.333
559.334
559.334
559.334
559.333
559.332
559.331
559.331
Process [1]
447.137
447.137
447.14
447.142
447.143
447.144
447.143
447.142
447.14
447.137
447.137
335.122
335.123
335.125
335.127
335.128
335.129
335.128
335.127
335.125
335.123
335.121
223.289
223.289
223.291
223.293
223.294
223.294
223.294
223.293
223.291
223.289
223.289
111.603
111.604
111.604
111.605
111.606
111.606
111.606
111.605
111.604
111.603
111.603
0.
0.
0.
0.
0.
0.
0.
0.
0.
0.
0.
