Vec Object: Vec_0x84000004_0 2 MPI processes
  type: mpi
Process [0]
700.
700.
700.
700.
700.
700.
700.
700.
700.
700.
700.
630.
630.
630.
630.
630.
630.
630.
630.
630.
630.
630.
560.
560.
560.
560.
560.
560.
560.
560.
560.
560.
560.
490.
490.
490.
490.
490.
490.
490.
490.
490.
490.
490.
420.
420.
420.
420.
420.
420.
420.
420.
420.
420.
420.
350.
350.
350.
350.
350.
350.
350.
350.
350.
350.
350.
Process [1]
280.
280.
280.
280.
280.
280.
280.
280.
280.
280.
280.
210.
210.
210.
210.
210.
210.
210.
210.
210.
210.
210.
140.
140.
140.
140.
140.
140.
140.
140.
140.
140.
140.
70.
70.
70.
70.
70.
70.
70.
70.
70.
70.
70.
0.
0.
0.
0.
0.
0.
0.
0.
0.
0.
0.
