Vec Object: 2 MPI processes
  type: mpi
Process [0]
1e+25
1e+25
1e+25
1e+25
1e+25
1e+25
1e+25
1e+25
1e+25
1e+25
0.
1e+25
1e+25
1e+25
1e+25
1e+25
1e+25
1e+25
1e+25
1e+25
1e+25
0.
1e+25
1e+25
1e+25
1e+25
1e+25
1e+25
1e+25
1e+25
1e+25
1e+25
0.
1e+25
1e+25
1e+25
1e+25
1e+25
1e+25
1e+25
1e+25
1e+25
1e+25
0.
1e+25
1e+25
1e+25
1e+25
1e+25
1e+25
1e+25
1e+25
1e+25
1e+25
0.
1e+25
1e+25
1e+25
1e+25
1e+25
1e+25
1e+25
1e+25
1e+25
1e+25
0.
Process [1]
1e+25
1e+25
1e+25
1e+25
1e+25
1e+25
1e+25
1e+25
1e+25
1e+25
0.
1e+25
1e+25
1e+25
1e+25
1e+25
1e+25
1e+25
1e+25
1e+25
1e+25
0.
1e+25
1e+25
1e+25
1e+25
1e+25
1e+25
1e+25
1e+25
1e+25
1e+25
0.
1e+25
1e+25
1e+25
1e+25
1e+25
1e+25
1e+25
1e+25
1e+25
1e+25
0.
0.
0.
0.
0.
0.
0.
0.
0.
0.
0.
0.
